// Jest Snapshot v1, https://goo.gl/fbAQLP

exports[`should render to string with data 1`] = `"<div>fakeViewerId<!-- -->: <!-- -->John Doe</div>"`;
