// Jest Snapshot v1, https://goo.gl/fbAQLP

exports[`should create default headers 1`] = `
Object {
  "Accept": "application/json",
  "Content-Type": "application/json",
}
`;

exports[`should create headers for uploadables 1`] = `
Object {
  "Accept": "*/*",
}
`;
