// Jest Snapshot v1, https://goo.gl/fbAQLP

exports[`should create a valid Link 1`] = `
Link {
  "fetch": [Function],
  "fetchTimeout": 30000,
  "headers": Object {},
  "retryDelays": Array [
    1000,
    3000,
    5000,
    10000,
  ],
  "url": "/graphql",
}
`;

exports[`should fetch data with uploadables 1`] = `"{\\"data\\":{\\"ChangeName\\":{\\"me\\":{\\"id\\":\\"fakeViewerId\\",\\"name\\":\\"John Doe\\"}}}}"`;

exports[`should fetch default data 1`] = `
Object {
  "data": Object {
    "me": Object {
      "id": "fakeViewerId",
      "name": "John Doe",
    },
  },
}
`;

exports[`should use custom headers 1`] = `
Object {
  "data": Object {
    "me": Object {
      "id": "fakeViewerId",
      "name": "John Doe",
    },
  },
}
`;
