// Jest Snapshot v1, https://goo.gl/fbAQLP

exports[`should render a loading QueryRenderer 1`] = `"loading"`;

exports[`should render a success QueryRenderer 1`] = `"fakeViewerId"`;

exports[`should render a valid ReleasyConsumer 1`] = `
ReleasyConsumer {
  "context": Object {
    "environment": RelayModernEnvironment {
      "__setNet": [Function],
      "_deferrableSelections": Set {},
      "_network": Object {
        "execute": [Function],
      },
      "_publishQueue": RelayPublishQueue {
        "_appliedOptimisticUpdates": Set {},
        "_backup": Object {},
        "_handlerProvider": [Function],
        "_pendingBackupRebase": false,
        "_pendingData": Set {},
        "_pendingOptimisticUpdates": Set {},
        "_pendingUpdaters": Set {},
        "_store": RelayMarkSweepStore {
          "_gcEnabled": true,
          "_hasScheduledGC": false,
          "_index": 0,
          "_recordSource": Object {},
          "_roots": Map {},
          "_subscriptions": Set {},
          "_updatedRecordIDs": Object {},
        },
      },
      "_store": RelayMarkSweepStore {
        "_gcEnabled": true,
        "_hasScheduledGC": false,
        "_index": 0,
        "_recordSource": Object {},
        "_roots": Map {},
        "_subscriptions": Set {},
        "_updatedRecordIDs": Object {},
      },
      "configName": undefined,
      "unstable_internal": Object {
        "areEqualSelectors": [Function],
        "createFragmentSpecResolver": [Function],
        "createOperationSelector": [Function],
        "getDataIDsFromObject": [Function],
        "getFragment": [Function],
        "getRequest": [Function],
        "getSelector": [Function],
        "getSelectorList": [Function],
        "getSelectorsFromObject": [Function],
        "getVariablesFromObject": [Function],
      },
    },
  },
  "props": Object {
    "children": <DumbComponent />,
  },
  "refs": Object {},
  "state": Object {},
  "updater": Updater {
    "_callbacks": Array [],
    "_renderer": ReactShallowRenderer {
      "_context": Object {
        "environment": RelayModernEnvironment {
          "__setNet": [Function],
          "_deferrableSelections": Set {},
          "_network": Object {
            "execute": [Function],
          },
          "_publishQueue": RelayPublishQueue {
            "_appliedOptimisticUpdates": Set {},
            "_backup": Object {},
            "_handlerProvider": [Function],
            "_pendingBackupRebase": false,
            "_pendingData": Set {},
            "_pendingOptimisticUpdates": Set {},
            "_pendingUpdaters": Set {},
            "_store": RelayMarkSweepStore {
              "_gcEnabled": true,
              "_hasScheduledGC": false,
              "_index": 0,
              "_recordSource": Object {},
              "_roots": Map {},
              "_subscriptions": Set {},
              "_updatedRecordIDs": Object {},
            },
          },
          "_store": RelayMarkSweepStore {
            "_gcEnabled": true,
            "_hasScheduledGC": false,
            "_index": 0,
            "_recordSource": Object {},
            "_roots": Map {},
            "_subscriptions": Set {},
            "_updatedRecordIDs": Object {},
          },
          "configName": undefined,
          "unstable_internal": Object {
            "areEqualSelectors": [Function],
            "createFragmentSpecResolver": [Function],
            "createOperationSelector": [Function],
            "getDataIDsFromObject": [Function],
            "getFragment": [Function],
            "getRequest": [Function],
            "getSelector": [Function],
            "getSelectorList": [Function],
            "getSelectorsFromObject": [Function],
            "getVariablesFromObject": [Function],
          },
        },
      },
      "_element": <ReleasyConsumer>
        <DumbComponent />
      </ReleasyConsumer>,
      "_forcedUpdate": false,
      "_instance": [Circular],
      "_newState": null,
      "_rendered": Array [
        <DumbComponent
          environment={
            RelayModernEnvironment {
              "__setNet": [Function],
              "_deferrableSelections": Set {},
              "_network": Object {
                "execute": [Function],
              },
              "_publishQueue": RelayPublishQueue {
                "_appliedOptimisticUpdates": Set {},
                "_backup": Object {},
                "_handlerProvider": [Function],
                "_pendingBackupRebase": false,
                "_pendingData": Set {},
                "_pendingOptimisticUpdates": Set {},
                "_pendingUpdaters": Set {},
                "_store": RelayMarkSweepStore {
                  "_gcEnabled": true,
                  "_hasScheduledGC": false,
                  "_index": 0,
                  "_recordSource": Object {},
                  "_roots": Map {},
                  "_subscriptions": Set {},
                  "_updatedRecordIDs": Object {},
                },
              },
              "_store": RelayMarkSweepStore {
                "_gcEnabled": true,
                "_hasScheduledGC": false,
                "_index": 0,
                "_recordSource": Object {},
                "_roots": Map {},
                "_subscriptions": Set {},
                "_updatedRecordIDs": Object {},
              },
              "configName": undefined,
              "unstable_internal": Object {
                "areEqualSelectors": [Function],
                "createFragmentSpecResolver": [Function],
                "createOperationSelector": [Function],
                "getDataIDsFromObject": [Function],
                "getFragment": [Function],
                "getRequest": [Function],
                "getSelector": [Function],
                "getSelectorList": [Function],
                "getSelectorsFromObject": [Function],
                "getVariablesFromObject": [Function],
              },
            }
          }
        />,
      ],
      "_rendering": false,
      "_updater": [Circular],
    },
  },
}
`;

exports[`should render an error QueryRenderer 1`] = `"self.body.on is not a function"`;

exports[`should thrown an error without "children" 1`] = `"ReleasyConsumer: missing \\"children\\""`;
