// Jest Snapshot v1, https://goo.gl/fbAQLP

exports[`should render a empty DumbComponent 1`] = `null`;
